#-----------------------------------------------------------
# Vivado v2021.1.1 (64-bit)
# SW Build 3286242 on Wed Jul 28 13:10:47 MDT 2021
# IP Build 3279568 on Wed Jul 28 16:48:48 MDT 2021
# Start of session at: Wed Nov 24 13:17:02 2021
# Process ID: 9108
# Current directory: C:/Users/yorbe/Documents/School/3_Basis_Digitale_Elektronica_2/Opdracht1/VGAFrameBuffer
# Command line: vivado.exe -gui_launcher_event rodinguilauncherevent18428 C:\Users\yorbe\Documents\School\3_Basis_Digitale_Elektronica_2\Opdracht1\VGAFrameBuffer\VGAFrameBuffer.xpr
# Log file: C:/Users/yorbe/Documents/School/3_Basis_Digitale_Elektronica_2/Opdracht1/VGAFrameBuffer/vivado.log
# Journal file: C:/Users/yorbe/Documents/School/3_Basis_Digitale_Elektronica_2/Opdracht1/VGAFrameBuffer\vivado.jou
#-----------------------------------------------------------
start_gui
open_project C:/Users/yorbe/Documents/School/3_Basis_Digitale_Elektronica_2/Opdracht1/VGAFrameBuffer/VGAFrameBuffer.xpr
update_compile_order -fileset sources_1
